serving /Users/cloken/code/Dockhand/shipyard-microtools/docs on http://127.0.0.1:8773
== saves schema ==
(node:32446) [MODULE_TYPELESS_PACKAGE_JSON] Warning: Module type of file:///Users/cloken/code/Dockhand/shipyard-microtools/docs/the-island/js/save-schema.js is not specified and it doesn't parse as CommonJS.
Reparsing as ES module because module syntax was detected. This incurs a performance overhead.
To eliminate this warning, add "type": "module" to /Users/cloken/code/Dockhand/shipyard-microtools/package.json.
(Use `node --trace-warnings ...` to show where the warning was created)
SAVES 24 / 24
== coverage ==
COVERAGE PASS 21 / 21
(node:32448) [MODULE_TYPELESS_PACKAGE_JSON] Warning: Module type of file:///Users/cloken/code/Dockhand/shipyard-microtools/docs/the-island/js/content.js is not specified and it doesn't parse as CommonJS.
Reparsing as ES module because module syntax was detected. This incurs a performance overhead.
To eliminate this warning, add "type": "module" to /Users/cloken/code/Dockhand/shipyard-microtools/package.json.
(Use `node --trace-warnings ...` to show where the warning was created)
== runtime reset ownership ==
RUNTIME-RESET PASS 6 / 6
== the upstream hand ==
  ok   fixture stays on the local stack
  ok   ordinary L1 valve input records the canonical one-mark fixture
  ok   L2 inherits exactly one valve mark from another hand
  ok   the public event state is idle before the dead wheel is touched
  ok   ordinary L2 valve input arms the Upstream Hand without moving water
  ok   the event names the inherited valve and its remote source hand
  ok   the dead-wheel beat stays visible and under player control
  ok   the tide is still unchanged one second into the event
  ok   the hand moves through more than one authored phase
  ok   the chart-table model visibly answers the upstream act
  ok   the wall-scale hand becomes materially present
  ok   the world-space reach grows beyond zero
  ok   the tide surge commits exactly once and by exactly +0.06 before its reveal
  ok   the public state exposes the surge while it happens
  ok   the whole physical beat leaves movement and interactions intact
  ok   the peak frame stays inside the island power ceiling
  ok   going big does not add a tenth point light
  ok   the event cleans every transient visual channel away
  ok   re-clicking the dead wheel cannot replay or compound the hand
  ok   a late ledger merge composes new draft with the permanent surge
  ok   an out-of-order old-rung pull still reconciles the current rung
  ok   leaving and revisiting L2 keeps the surge in the waterline
  ok   save/reload keeps the event spent and cannot resurrect it
  ok   a clean L2 dead wheel cannot invent an upstream hand
  ok   a max-draft L2 surge rises +0.06 above 2 and settles without reversing
  ok   Continue reconciles the saved rung and keeps a late-risen arrival above water
  ok   the same-hand valve mark is the honest offline fallback
  ok   reduced motion holds the model, filament, wall and bay as spatial tableaux
  ok   the plate and Upstream Hand can own the ambient hush together
  ok   plate release preserves the Hand hush and a real crossing takes clean ownership
  ok   committing a disposition resolves the active hand without leaking across the finale
  ok   the complete Upstream Hand path raises no browser errors
  power baseline 499 calls / 921006 tris · peak 513 calls / 922636 tris
UPSTREAM-HAND 32 / 32
== the writing in the sand ==
WRITING 19 / 19
== the finished terrain ==
TERRAIN-FINISH 10 / 10
== the living coastal assets ==
ISLAND LIFE 21 / 21
{
  "fail": [],
  "beach": {
    "logs": 6,
    "wrack": 9,
    "gulls": 3,
    "eastern": -17.333871841430664,
    "rocks": [
      {
        "x": -32.5,
        "z": -101,
        "scale": 1.15,
        "yaw": 0.3
      }
    ],
    "blocked": []
  },
  "boat": {
    "source": "Blender island_life.py",
    "triangles": 4836,
    "floor": -0.23776091635227292,
    "width": 1.3849339485168457,
    "length": 3.155845880508423,
    "same": true,
    "oldSeats": 0
  },
  "clue": {
    "perchError": 3.552713678800501e-15,
    "species": "songbird",
    "independent": true,
    "joints": 12
  },
  "singing": {
    "live": true,
    "jaw": 0.03194118056855874
  },
  "errors": []
}
== the player-facing journey ==
EXPERIENCE PASS 22 / 22
== the doors ==
DOORS 6 / 6
  {"name":"studyDoor","hinge":5.15,"worstTip":5.149,"worstAtDeg":345,"closedDeg":345,"swingDeg":-52}
  {"name":"innerDoor","hinge":5.3,"worstTip":5.291,"worstAtDeg":15,"closedDeg":15,"swingDeg":85.9}
== bloom ==
BLOOM 3 / 3
  threshold 1.05 · dimmest that must glow 1.311 (?) · 10 emissive materials
== the shell ==
SHELL 5 / 5
    0 / 2640 sky-rays — up past the annex door (the reported frame)
    0 / 228 sky-rays — past the beach door frame (the reported frame)
    0 / 2640 sky-rays — the window wall lintel band
    0 / 2640 sky-rays — the beach door lintel band
   84 / 2640 sky-rays  (expected) — out through the beach door
== relief ==
RELIEF 8 / 8
  13/13 reliefs applied · sand ripples analytic
== the gulls ==
  return {"seen":true,"visible":true,"landing":true,"maxSpeed":28.634751279131514,"home":0,"frames":361}
GULLS 11 / 11
  closest approach 1.43 m clear, at radius 3.55 / y 35.45
  grounded skin 1633 verts · 12 joints · 664 wing verts
  sole error 0.0000 m · root drift 0.0000 m · wing breath 0.012 rad
  exit 6.32 s · 82.0 m out · 26.0 m up · max 28.9 m/s
== the lens-vault outcrop ==
VAULT-OUTCROP 8 / 8
  radial seal 72/72 before · 72/72 after
  lens 1.78 m away from legal pose 129.15, -148.13
  reported point solid
== the trees ==
TREES 13 / 13
  litter mask 1024px · 0.981 at the trunk · 0.039 away
  4 silhouettes · 8 geometries · 3560/3434/2678/2300/1026/990/774/666 verts · trunk 102 · fringe 0.26
== the tabletop ==
TABLETOP 29 / 29
  chart ±1.22 · model ±0.9 · working margin 0.320 m
  logbook                x   -1.18..-0.926  z   0.001..0.702
  returnSheet            x   -1.18..-0.948  z   0.001..0.3
  lensMarkStudy          x   -1.11..-1.01   z   -0.52..-0.18
  phialDesk              x  -1.113..-0.987  z   0.805..1.028
  apparatusPlate2        x   0.909..1.171   z   0.569..0.831
  apparatusMark2         x   0.945..1.135   z   0.605..0.795
  apparatusPlate0        x  -1.174..-0.906  z  -1.014..-0.746
  apparatusMark0         x  -1.137..-0.943  z  -0.977..-0.783
  apparatusPlate7        x  -0.125..0.085   z  -1.145..-0.935
  apparatusMark7         x  -0.096..0.056   z  -1.116..-0.964
  chartTally             x   0.976..1.153   z  -0.198..0.195
  crankHandle            x    -1.2..-0.928  z  -0.607..-0.35
  lore_closure_notice    x   0.432..0.668   z   -1.16..-0.96
TABLETOP OK
== the glare ==
GLARE 8 / 8
  brass 0.38 · chart rail 0.55
  hot     0%  clipped     0%  mean luma 101.4  — the chart table, sun through the study window
  hot  0.01%  clipped  0.01%  mean luma  95.2  — the west margin, low and close
== the signal index ==
SPINES 20 / 20
  figures 1 5 3 4 → instruments → readings 5 1 4 6
  8 index volumes · 8-instrument atlas · 10-dial atlas
== the hover glint ==
GLINT 25 / 25
  musicBox             13 mats · peak emissive lum 0.0655
  valveWheel           5 mats · peak emissive lum 0.0655
  logbook              11 mats · peak emissive lum 0.0655
  lore_closure_notice  1 mats · peak emissive lum 0.0655
== the inhabited room ==
HARBOR 11 / 11
== the tower and underground rooms ==
LANDFALL 21 / 21
== the working coast ==
WORKING COAST 10 / 10
{
  "fail": [],
  "shots": [
    {
      "name": "01-landfall",
      "frame": 2074,
      "calls": 323,
      "triangles": 687505,
      "points": 981,
      "lines": 0
    },
    {
      "name": "02-forest",
      "frame": 2112,
      "calls": 244,
      "triangles": 620450,
      "points": 981,
      "lines": 0
    },
    {
      "name": "03-study",
      "frame": 2154,
      "calls": 479,
      "triangles": 918041,
      "points": 981,
      "lines": 0
    },
    {
      "name": "04-instruments",
      "frame": 2196,
      "calls": 477,
      "triangles": 906809,
      "points": 981,
      "lines": 0
    },
    {
      "name": "05-working-ledge",
      "frame": 2237,
      "calls": 79,
      "triangles": 723162,
      "points": 981,
      "lines": 0
    },
    {
      "name": "06-study-dusk",
      "frame": 2657,
      "calls": 479,
      "triangles": 918041,
      "points": 981,
      "lines": 0
    },
    {
      "name": "07-forest-dusk",
      "frame": 3077,
      "calls": 245,
      "triangles": 626388,
      "points": 981,
      "lines": 0
    },
    {
      "name": "08-tide-high",
      "frame": 3119,
      "calls": 126,
      "triangles": 744305,
      "points": 981,
      "lines": 0
    }
  ],
  "crowns": [
    {
      "source": "Blender working_coast.py",
      "closed": true,
      "triangles": 5536,
      "weight": 1
    },
    {
      "source": "Blender working_coast.py",
      "closed": true,
      "triangles": 5340,
      "weight": 1
    },
    {
      "source": "Blender working_coast.py",
      "closed": true,
      "triangles": 4164,
      "weight": 1
    },
    {
      "source": "Blender working_coast.py",
      "closed": true,
      "triangles": 3576,
      "weight": 1
    },
    {
      "source": "Blender working_coast.py",
      "closed": true,
      "triangles": 1368,
      "weight": 1
    },
    {
      "source": "Blender working_coast.py",
      "closed": true,
      "triangles": 1320,
      "weight": 1
    },
    {
      "source": "Blender working_coast.py",
      "closed": true,
      "triangles": 1032,
      "weight": 1
    },
    {
      "source": "Blender working_coast.py",
      "closed": true,
      "triangles": 888,
      "weight": 1
    }
  ]
}
== the landing-beach details ==
SHORE DETAILS 18 / 18
{
  "fail": [],
  "samples": [
    {
      "name": "study",
      "hour": 12,
      "pose": [
        -82,
        -37,
        0.7853981633974483,
        -0.12
      ],
      "image": "study-12.png",
      "frame": 1871,
      "calls": 479,
      "triangles": 918041,
      "points": 981,
      "lines": 0,
      "gpuMode": "gpu",
      "deltaCalls": 4,
      "deltaTriangles": -13758,
      "gpuMedianMs": 9.29,
      "gpuSamplesMs": [
        9.27,
        9.29,
        9.29,
        9.29,
        9.31,
        9.32,
        9.33
      ]
    },
    {
      "name": "study",
      "hour": 22,
      "pose": [
        -82,
        -37,
        0.7853981633974483,
        -0.12
      ],
      "image": "study-22.png",
      "frame": 4699,
      "calls": 479,
      "triangles": 918041,
      "points": 981,
      "lines": 0,
      "gpuMode": "gpu",
      "deltaCalls": 4,
      "deltaTriangles": -13758,
      "gpuMedianMs": 9.63,
      "gpuSamplesMs": [
        8.13,
        8.86,
        9.54,
        9.63,
        9.82,
        10.67,
        10.99
      ]
    },
    {
      "name": "forest",
      "hour": 12,
      "pose": [
        -58,
        -58,
        1.5,
        0.12
      ],
      "image": "forest-12.png",
      "frame": 5245,
      "calls": 243,
      "triangles": 622773,
      "points": 981,
      "lines": 0,
      "gpuMode": "gpu",
      "deltaCalls": -8,
      "deltaTriangles": -9141,
      "gpuMedianMs": 4.37,
      "gpuSamplesMs": [
        4.35,
        4.35,
        4.37,
        4.37,
        5.57,
        6.1,
        9.05
      ]
    },
    {
      "name": "forest",
      "hour": 22,
      "pose": [
        -58,
        -58,
        1.5,
        0.12
      ],
      "image": "forest-22.png",
      "frame": 8087,
      "calls": 240,
      "triangles": 620346,
      "points": 981,
      "lines": 0,
      "gpuMode": "gpu",
      "deltaCalls": 1,
      "deltaTriangles": -10230,
      "gpuMedianMs": 12.14,
      "gpuSamplesMs": [
        7.72,
        7.78,
        8.03,
        12.14,
        13.33,
        15.63,
        18.89
      ]
    },
    {
      "name": "beach",
      "hour": 12,
      "pose": [
        4,
        -104,
        2.19,
        -0.06
      ],
      "image": "beach-12.png",
      "frame": 8646,
      "calls": 321,
      "triangles": 673383,
      "points": 981,
      "lines": 0,
      "gpuMode": "gpu",
      "deltaCalls": -25,
      "deltaTriangles": 11903,
      "gpuMedianMs": 11.1,
      "gpuSamplesMs": [
        6.57,
        10.44,
        10.64,
        11.1,
        11.11,
        11.19,
        11.33
      ]
    },
    {
      "name": "beach",
      "hour": 22,
      "pose": [
        4,
        -104,
        2.19,
        -0.06
      ],
      "image": "beach-22.png",
      "frame": 11473,
      "calls": 310,
      "triangles": 661086,
      "points": 981,
      "lines": 0,
      "gpuMode": "gpu",
      "deltaCalls": 3,
      "deltaTriangles": 6122,
      "gpuMedianMs": 8.89,
      "gpuSamplesMs": [
        5.55,
        5.76,
        6.11,
        8.89,
        9.18,
        9.72,
        10.22
      ]
    }
  ],
  "kit": {
    "near": true,
    "far": false,
    "texture": [
      512,
      512
    ],
    "miniTriangles": 98,
    "miniChildren": 0,
    "authored": "Blender shore_details.py",
    "parts": [
      "shoreRack",
      "shoreRock",
      "shoreLife",
      "shorePool"
    ],
    "lights": 9
  },
  "collision": {
    "solid": true,
    "clear": true,
    "rocks": [
      true
    ]
  }
}
== human scale and keyboard circulation ==
COHESION 9 / 9
{
  "fail": [],
  "climbs": [
    {
      "done": true,
      "start": 5291.199999928474,
      "frames": 689,
      "maxEyeJump": 0.0726485004473929,
      "minY": 13.679130434782609,
      "maxY": 34.1,
      "lastEye": 35.57354054433657,
      "success": true,
      "elapsed": 11.482900000095368,
      "end": [
        -84.64353859630242,
        34.1,
        -38.372439333077814
      ]
    },
    {
      "done": true,
      "start": 16990.699999928474,
      "frames": 694,
      "maxEyeJump": 0.0691081001017011,
      "minY": 13.5,
      "maxY": 34.1,
      "lastEye": 15.32985481173597,
      "success": true,
      "elapsed": 11.5765,
      "end": [
        -83.92098663754544,
        13.5,
        -36.870187683028064
      ]
    }
  ]
}
== grounded keeper and refuge handwork ==
HANDWORK 11 / 11
{
  "fail": [],
  "ground": {
    "height": 7.636091693880736,
    "terrain": 7.636091693880736,
    "maxSea": 6.93
  },
  "idle": {
    "palms": [
      {
        "name": "keeperPalmL",
        "low": 14.548247919648006,
        "gap": -0.003285795690514348
      },
      {
        "name": "keeperPalmR",
        "low": 14.548247919648006,
        "gap": -0.003285795690514348
      }
    ],
    "foot": [
      -85.08333333333333,
      14.541817048724504,
      -40.30833333333333
    ],
    "pitch": 0,
    "full": false,
    "mini": true,
    "gesture": "working",
    "head": [
      0,
      0,
      0.008303948814932025,
      0.9999655216226603
    ],
    "regarded": false
  },
  "resting": {
    "palms": [
      {
        "name": "keeperPalmL",
        "low": 14.551555799045637,
        "gap": 0.0000220837071172042
      },
      {
        "name": "keeperPalmR",
        "low": 14.551555799045637,
        "gap": 0.0000220837071172042
      }
    ],
    "foot": [
      -85.08333333333333,
      14.541817048724504,
      -40.30833333333333
    ],
    "pitch": 0,
    "full": false,
    "mini": true,
    "gesture": "hands-resting",
    "head": [
      -0.14869874349496642,
      0.3543934236412302,
      0.05719171433953368,
      0.9214244910863673
    ],
    "regarded": true
  }
}
== visible coastal encounters ==
ENCOUNTERS 8 / 8
{
  "fail": [],
  "anatomy": [
    {
      "name": "watcher",
      "source": "Blender island_life.py",
      "height": 1.7949999524280433,
      "meshes": 1,
      "triangles": 2564
    },
    {
      "name": "tideFigure",
      "source": "Blender island_life.py",
      "height": 1.7380000306293368,
      "meshes": 1,
      "triangles": 2004
    }
  ]
}
== the walk ==
WALK PASS 69 / 69
gate green
